------------------------------------------------------------
Timing Analyzer Summary
------------------------------------------------------------

Type  : Slow 1200mV 85C Model Setup 'clock'
Slack : 0.058
TNS   : 0.000

Type  : Slow 1200mV 85C Model Hold 'clock'
Slack : 0.433
TNS   : 0.000

Type  : Slow 1200mV 85C Model Recovery 'clock'
Slack : 7.697
TNS   : 0.000

Type  : Slow 1200mV 85C Model Removal 'clock'
Slack : 0.910
TNS   : 0.000

Type  : Slow 1200mV 85C Model Minimum Pulse Width 'clock'
Slack : 4.756
TNS   : 0.000

Type  : Slow 1200mV 0C Model Setup 'clock'
Slack : 0.930
TNS   : 0.000

Type  : Slow 1200mV 0C Model Hold 'clock'
Slack : 0.392
TNS   : 0.000

Type  : Slow 1200mV 0C Model Recovery 'clock'
Slack : 7.935
TNS   : 0.000

Type  : Slow 1200mV 0C Model Removal 'clock'
Slack : 0.915
TNS   : 0.000

Type  : Slow 1200mV 0C Model Minimum Pulse Width 'clock'
Slack : 4.777
TNS   : 0.000

Type  : Fast 1200mV 0C Model Setup 'clock'
Slack : 4.071
TNS   : 0.000

Type  : Fast 1200mV 0C Model Hold 'clock'
Slack : 0.195
TNS   : 0.000

Type  : Fast 1200mV 0C Model Recovery 'clock'
Slack : 8.421
TNS   : 0.000

Type  : Fast 1200mV 0C Model Removal 'clock'
Slack : 0.822
TNS   : 0.000

Type  : Fast 1200mV 0C Model Minimum Pulse Width 'clock'
Slack : 4.438
TNS   : 0.000

------------------------------------------------------------
